// Jest Snapshot v1, https://goo.gl/fbAQLP

exports[`matches snapshot 1`] = `
<DocumentFragment>
  <div
    class="col-md-4 col-lg-4 offset-md-3 offset-lg-4 my-4"
  >
    <h3
      class="text-success text-center"
    >
      Log In
    </h3>
    <form
      class="mx-5 mt-4 form-inline"
    >
      <div
        class="mb-3 form-floating"
      >
        <input
          autocomplete="username"
          class="form-control"
          id="username"
          name="username"
          placeholder="Username"
          required=""
          type="text"
          value=""
        />
        <label
          class="form-label"
          for="username"
        >
          Username
        </label>
      </div>
       
      <div
        class="mb-3 form-floating"
      >
        <input
          autocomplete="current-password"
          class="form-control"
          id="password"
          name="password"
          placeholder="Password"
          required=""
          type="password"
          value=""
        />
        <label
          class="form-label"
          for="password"
        >
          Password
        </label>
      </div>
       
      <div
        class="col text-center mt-4 mb-2"
      >
        <button
          class="btn btn-success"
        >
          Login
        </button>
      </div>
    </form>
    <div
      class="col text-center"
    >
      <a
        href="/signup"
      >
        <button
          class="btn btn-outline-success"
        >
          Create An Account
        </button>
      </a>
    </div>
  </div>
</DocumentFragment>
`;
